curl: (7) Failed to connect to 172.23.0.2:17880 after 0 ms: Could not connect to server
OKRunning ExUnit with seed: 332123, max_cases: 32

{
  "typedCreationPreservesFolderAndText": true,
  "creationErrorAccessible": true,
  "appNavigation": true,
  "vaultNavigationRetainsAudio": true,
  "authorizedAvatarAndClear": true,
  "footerAboveAccount": true,
  "musicAndVoiceFooterCoexist": true,
  "audioEnergy": 0.6684008769132227,
  "speaking": true,
  "inboundRtp": [
    {
      "bytes": 117572,
      "packets": 476,
      "connectionState": "connected",
      "iceConnectionState": "connected"
    }
  ],
  "selectedCandidates": [
    {
      "type": "relay",
      "protocol": "udp",
      "address": "172.23.0.2"
    }
  ],
  "authorizedRoster": true,
  "switchPreservesPrivacy": true,
  "phoneControls": true,
  "reconnect": true,
  "revocationLatencyMs": 1288,
  "revocation": true,
  "permissionDenial": true,
  "defaultAndRestoredVoiceNeverCapture": true,
  "phoneKeyboardJoin": true,
  "pendingCaptureCancelled": true,
  "cliUploadDownload": true,
  "localInteraction": true,
  "hostile": {
    "parentDOM": "SecurityError",
    "storage": "SecurityError",
    "cookie": "SecurityError",
    "rtc": "TypeError",
    "fetch": "TypeError",
    "socket": "blocked",
    "srcdoc": "TypeError",
    "innerHTML": "TypeError",
    "policy": "TypeError",
    "popup": "blocked",
    "blankRealm": "SecurityError",
    "topNav": "SecurityError"
  },
  "blockedExternalRequests": 0
}
PASS: real UI + SFU synthetic audio, auth/revocation/leave/rejoin, CLI HTML roundtrip and hostile sandbox

......
Finished in 37.3 seconds (0.00s async, 37.3s sync)

Result: 6 passed
